Traceback (most recent call last):
  File "<frozen runpy>", line 198, in _run_module_as_main
  File "<frozen runpy>", line 88, in _run_code
  File "/home/clay/projects/market-intel/src/backtesting/sic_stage4.py", line 921, in <module>
    main()
    ~~~~^^
  File "/home/clay/projects/market-intel/src/backtesting/sic_stage4.py", line 915, in main
    result = fetch(args.package_dir, args.request_plan, args.plan_sha256)
  File "/home/clay/projects/market-intel/src/backtesting/sic_stage4.py", line 704, in fetch
    raise GuardFailure('Fetched evidence contradicts candidate; case blocked for review')
GuardFailure: Fetched evidence contradicts candidate; case blocked for review
Traceback (most recent call last):
  File "<frozen runpy>", line 198, in _run_module_as_main
  File "<frozen runpy>", line 88, in _run_code
  File "/home/clay/projects/market-intel/src/backtesting/sic_stage4.py", line 921, in <module>
    main()
    ~~~~^^
  File "/home/clay/projects/market-intel/src/backtesting/sic_stage4.py", line 915, in main
    result = fetch(args.package_dir, args.request_plan, args.plan_sha256)
  File "/home/clay/projects/market-intel/src/backtesting/sic_stage4.py", line 704, in fetch
    raise GuardFailure('Fetched evidence contradicts candidate; case blocked for review')
GuardFailure: Fetched evidence contradicts candidate; case blocked for review
