{
  "status": "PLAN_SAVED_OFFLINE",
  "path": "logs/research/sec_sic_stage4_2026-09-26/plans/plan_01.json",
  "sha256": "ee3e3abbc2609ac31fa17cd75996fbac4056d3a3d626b45c5dc5d6d1adc20f62",
  "planned_attempts": 10,
  "blocked_cases": [
    "0001175454"
  ]
}
{
  "status": "PLAN_SAVED_OFFLINE",
  "path": "logs/research/sec_sic_stage4_2026-09-26/plans/plan_02.json",
  "sha256": "b853ff1990895b215d935c3bd6b0783cbb3910c4aa2adee0d599dd52aed24c1a",
  "planned_attempts": 10,
  "blocked_cases": [
    "0001175454",
    "0001754308"
  ]
}
{
  "status": "PLAN_SAVED_OFFLINE",
  "path": "logs/research/sec_sic_stage4_2026-09-26/plans/plan_03.json",
  "sha256": "e7a2d90bb73d38f93a33f9b6206e2119269459896aeab54bdcb20fabea4320ac",
  "planned_attempts": 20,
  "blocked_cases": [
    "0001175454",
    "0001754308",
    "0001572709"
  ]
}
